// Jest Snapshot v1, https://goo.gl/fbAQLP

exports[`POST /:id/generate-draft — apercu du livre complet rendu avec repli sur le texte de cadre correspond au rendu de reference (snapshot) 1`] = `
"
    <article class="draft-book draft-book-assembled draft-book-format-standard draft-book-layout-text-balanced draft-book-layout-image-balanced draft-book-layout-line-balanced" data-preview-format="standard" style="--layout-font-scale:1;">
      
    <section class="draft-book-section draft-book-section-cover draft-book-section-cover-front is-full-bleed">
      <div class="cover-preview-spread is-single-face is-book-page">
        <article
          class="cover-preview-card is-front cover-style-elegance_intemporelle is-active is-page-fill"
          style="--cover-bg:#f7f1e8;--cover-text:#1f2228;--cover-accent:#b8924a;--cover-title-font:&#39;Cormorant Garamond&#39;, &#39;Baskerville&#39;, serif;--cover-body-font:&#39;Inter&#39;, sans-serif;"
        >
          <div class="cover-preview-safe-zone"></div>
          <div class="cover-preview-tag">Elegance intemporelle</div>
          <div class="cover-preview-monogram">PM</div>
          
          <div class="cover-preview-front-copy">
            <div class="cover-preview-front-event">Anniversaire — 14 mars 2026</div>
            <h3>Les 60 ans de Marguerite</h3>
            <p>Recueil de nos souvenirs</p>
            <div class="cover-preview-front-recipient">Pour Marguerite</div>
          </div>
          <div class="cover-preview-motif-line" aria-hidden="true"></div>
          
          
        </article>
      </div>
    </section>
  
      
    <section class="draft-book-section draft-book-section-frame">
      <h2>Introduction</h2>
      <p>Ce livre s ouvre comme une entree en matiere autour de Marguerite, en laissant d abord place aux chapitres Introduction, La cuisine du dimanche, Ce qu elle nous a transmis avant d en faire emerger le fil sensible.</p>
    </section>
  
      
    <section class="draft-book-chapter" lang="fr">
      <div class="draft-book-chapter-shell">
        <section class="draft-book-page draft-book-page-opening">
          <header class="chapter-opening">
            <p class="chapter-num">Chapitre I</p>
            <h3 class="chapter-title">Les racines</h3>
            <p class="chapter-sub">Ses origines, son village, sa famille.</p>
            <hr class="chapter-rule" />
          </header>
          <p class="draft-book-intro">Ses origines, son village, sa famille.</p>
          <div class="draft-book-body draft-book-body-blocks">
            <p class="draft-book-text-block">Ses origines, son village, sa famille.</p>
          </div>
          
    <div class="draft-book-question-block">
      <p class="draft-book-amorce-text">« Racontez le lieu ou Marguerite a grandi. »</p>
      
        <ul class="draft-book-question-list">
          <li><span>la maison de famille</span></li>
        </ul>
      
    </div>
  
          
    <div class="draft-book-folio" aria-hidden="true">
      <span class="draft-book-folio-value">01</span>
      <span class="draft-book-folio-dot"></span>
      <span class="draft-book-folio-value">08</span>
    </div>
  
        </section>

        <section class="draft-book-page">
          <div class="draft-book-body draft-book-body-blocks">
            <p class="draft-book-text-block">Les racines La maison avait des volets bleus qui claquaient au mistral, et une cuisine ou tout le monde finissait par entrer sans frapper. Marguerite y a appris a compter en comptant les assiettes.</p>
          </div>
          
    <div class="draft-book-folio" aria-hidden="true">
      <span class="draft-book-folio-value">02</span>
      <span class="draft-book-folio-dot"></span>
      <span class="draft-book-folio-value">08</span>
    </div>
  
        </section>

        <section class="draft-book-page">
          <div class="draft-book-body draft-book-body-blocks">
            <p class="draft-book-empty">Contenu en cours de generation.</p>
          </div>
          
          
    <div class="draft-book-folio" aria-hidden="true">
      <span class="draft-book-folio-value">03</span>
      <span class="draft-book-folio-dot"></span>
      <span class="draft-book-folio-value">08</span>
    </div>
  
        </section>

        <section class="draft-book-page">
          <div class="draft-book-body draft-book-body-blocks">
            <p class="draft-book-empty">Contenu en cours de generation.</p>
          </div>
          
          
    <div class="draft-book-folio" aria-hidden="true">
      <span class="draft-book-folio-value">04</span>
      <span class="draft-book-folio-dot"></span>
      <span class="draft-book-folio-value">08</span>
    </div>
  
        </section>

        <section class="draft-book-page">
          <div class="draft-book-body draft-book-body-blocks">
            <p class="draft-book-empty">Contenu en cours de generation.</p>
          </div>
          
    <div class="draft-book-folio" aria-hidden="true">
      <span class="draft-book-folio-value">05</span>
      <span class="draft-book-folio-dot"></span>
      <span class="draft-book-folio-value">08</span>
    </div>
  
        </section>

        <section class="draft-book-page draft-book-page-gallery">
          <div class="draft-book-body draft-book-body-blocks">
            <p class="draft-book-empty">Contenu en cours de generation.</p>
          </div>
          
          
    <div class="draft-book-folio" aria-hidden="true">
      <span class="draft-book-folio-value">06</span>
      <span class="draft-book-folio-dot"></span>
      <span class="draft-book-folio-value">08</span>
    </div>
  
        </section>

        <section class="draft-book-page">
          
          
    <div class="draft-book-folio" aria-hidden="true">
      <span class="draft-book-folio-value">07</span>
      <span class="draft-book-folio-dot"></span>
      <span class="draft-book-folio-value">08</span>
    </div>
  
        </section>

        <section class="draft-book-page">
          <div class="draft-book-body draft-book-body-blocks">
            <p class="draft-book-empty">Contenu en cours de generation.</p>
          </div>
          
    <div class="draft-book-folio" aria-hidden="true">
      <span class="draft-book-folio-value">08</span>
      <span class="draft-book-folio-dot"></span>
      <span class="draft-book-folio-value">08</span>
    </div>
  
        </section>
      </div>
    </section>
  
    <section class="draft-book-chapter" lang="fr">
      <div class="draft-book-chapter-shell">
        <section class="draft-book-page draft-book-page-opening">
          <header class="chapter-opening">
            <p class="chapter-num">Chapitre II</p>
            <h3 class="chapter-title">La cuisine du dimanche</h3>
            <p class="chapter-sub">Le rituel des repas de famille.</p>
            <hr class="chapter-rule" />
          </header>
          <p class="draft-book-intro">Le rituel des repas de famille.</p>
          <div class="draft-book-body draft-book-body-blocks">
            <p class="draft-book-text-block">Le rituel des repas de famille.</p>
          </div>
          
    <div class="draft-book-question-block">
      <p class="draft-book-amorce-text">« Quel plat de Marguerite vous revient en memoire ? »</p>
      
        <ul class="draft-book-question-list">
          <li><span>le grand plat bleu</span></li>
        </ul>
      
    </div>
  
          
    <div class="draft-book-folio" aria-hidden="true">
      <span class="draft-book-folio-value">01</span>
      <span class="draft-book-folio-dot"></span>
      <span class="draft-book-folio-value">08</span>
    </div>
  
        </section>

        <section class="draft-book-page">
          <div class="draft-book-body draft-book-body-blocks">
            <p class="draft-book-text-block">La cuisine du dimanche La cuisine sentait le cumin bien avant que quiconque descende l escalier. Sophie a rate douze feuilles de brick avant la premiere reussie.</p>
          </div>
          
    <div class="draft-book-folio" aria-hidden="true">
      <span class="draft-book-folio-value">02</span>
      <span class="draft-book-folio-dot"></span>
      <span class="draft-book-folio-value">08</span>
    </div>
  
        </section>

        <section class="draft-book-page">
          <div class="draft-book-body draft-book-body-blocks">
            <p class="draft-book-empty">Contenu en cours de generation.</p>
          </div>
          
          
    <div class="draft-book-folio" aria-hidden="true">
      <span class="draft-book-folio-value">03</span>
      <span class="draft-book-folio-dot"></span>
      <span class="draft-book-folio-value">08</span>
    </div>
  
        </section>

        <section class="draft-book-page">
          <div class="draft-book-body draft-book-body-blocks">
            <p class="draft-book-empty">Contenu en cours de generation.</p>
          </div>
          
          
    <div class="draft-book-folio" aria-hidden="true">
      <span class="draft-book-folio-value">04</span>
      <span class="draft-book-folio-dot"></span>
      <span class="draft-book-folio-value">08</span>
    </div>
  
        </section>

        <section class="draft-book-page">
          <div class="draft-book-body draft-book-body-blocks">
            <p class="draft-book-empty">Contenu en cours de generation.</p>
          </div>
          
    <div class="draft-book-folio" aria-hidden="true">
      <span class="draft-book-folio-value">05</span>
      <span class="draft-book-folio-dot"></span>
      <span class="draft-book-folio-value">08</span>
    </div>
  
        </section>

        <section class="draft-book-page draft-book-page-gallery">
          <div class="draft-book-body draft-book-body-blocks">
            <p class="draft-book-empty">Contenu en cours de generation.</p>
          </div>
          
          
    <div class="draft-book-folio" aria-hidden="true">
      <span class="draft-book-folio-value">06</span>
      <span class="draft-book-folio-dot"></span>
      <span class="draft-book-folio-value">08</span>
    </div>
  
        </section>

        <section class="draft-book-page">
          
          
    <div class="draft-book-folio" aria-hidden="true">
      <span class="draft-book-folio-value">07</span>
      <span class="draft-book-folio-dot"></span>
      <span class="draft-book-folio-value">08</span>
    </div>
  
        </section>

        <section class="draft-book-page">
          <div class="draft-book-body draft-book-body-blocks">
            <p class="draft-book-empty">Contenu en cours de generation.</p>
          </div>
          
    <div class="draft-book-folio" aria-hidden="true">
      <span class="draft-book-folio-value">08</span>
      <span class="draft-book-folio-dot"></span>
      <span class="draft-book-folio-value">08</span>
    </div>
  
        </section>
      </div>
    </section>
  
    <section class="draft-book-chapter" lang="fr">
      <div class="draft-book-chapter-shell">
        <section class="draft-book-page draft-book-page-opening">
          <header class="chapter-opening">
            <p class="chapter-num">Chapitre III</p>
            <h3 class="chapter-title">Ce qu elle nous a transmis</h3>
            <p class="chapter-sub">Ce que chacun garde d elle.</p>
            <hr class="chapter-rule" />
          </header>
          <p class="draft-book-intro">Ce que chacun garde d elle.</p>
          <div class="draft-book-body draft-book-body-blocks">
            <p class="draft-book-text-block">Ce que chacun garde d elle.</p>
          </div>
          
    <div class="draft-book-question-block">
      <p class="draft-book-amorce-text">« Qu avez-vous appris d elle ? »</p>
      
    </div>
  
          
    <div class="draft-book-folio" aria-hidden="true">
      <span class="draft-book-folio-value">01</span>
      <span class="draft-book-folio-dot"></span>
      <span class="draft-book-folio-value">08</span>
    </div>
  
        </section>

        <section class="draft-book-page">
          <div class="draft-book-body draft-book-body-blocks">
            <p class="draft-book-text-block">Ce qu elle nous a transmis Personne dans la famille ne sait s excuser avec des mots. On tend une assiette.</p>
          </div>
          
    <div class="draft-book-folio" aria-hidden="true">
      <span class="draft-book-folio-value">02</span>
      <span class="draft-book-folio-dot"></span>
      <span class="draft-book-folio-value">08</span>
    </div>
  
        </section>

        <section class="draft-book-page">
          <div class="draft-book-body draft-book-body-blocks">
            <p class="draft-book-empty">Contenu en cours de generation.</p>
          </div>
          
          
    <div class="draft-book-folio" aria-hidden="true">
      <span class="draft-book-folio-value">03</span>
      <span class="draft-book-folio-dot"></span>
      <span class="draft-book-folio-value">08</span>
    </div>
  
        </section>

        <section class="draft-book-page">
          <div class="draft-book-body draft-book-body-blocks">
            <p class="draft-book-empty">Contenu en cours de generation.</p>
          </div>
          
          
    <div class="draft-book-folio" aria-hidden="true">
      <span class="draft-book-folio-value">04</span>
      <span class="draft-book-folio-dot"></span>
      <span class="draft-book-folio-value">08</span>
    </div>
  
        </section>

        <section class="draft-book-page">
          <div class="draft-book-body draft-book-body-blocks">
            <p class="draft-book-empty">Contenu en cours de generation.</p>
          </div>
          
    <div class="draft-book-folio" aria-hidden="true">
      <span class="draft-book-folio-value">05</span>
      <span class="draft-book-folio-dot"></span>
      <span class="draft-book-folio-value">08</span>
    </div>
  
        </section>

        <section class="draft-book-page draft-book-page-gallery">
          <div class="draft-book-body draft-book-body-blocks">
            <p class="draft-book-empty">Contenu en cours de generation.</p>
          </div>
          
          
    <div class="draft-book-folio" aria-hidden="true">
      <span class="draft-book-folio-value">06</span>
      <span class="draft-book-folio-dot"></span>
      <span class="draft-book-folio-value">08</span>
    </div>
  
        </section>

        <section class="draft-book-page">
          
          
    <div class="draft-book-folio" aria-hidden="true">
      <span class="draft-book-folio-value">07</span>
      <span class="draft-book-folio-dot"></span>
      <span class="draft-book-folio-value">08</span>
    </div>
  
        </section>

        <section class="draft-book-page">
          <div class="draft-book-body draft-book-body-blocks">
            <p class="draft-book-empty">Contenu en cours de generation.</p>
          </div>
          
    <div class="draft-book-folio" aria-hidden="true">
      <span class="draft-book-folio-value">08</span>
      <span class="draft-book-folio-dot"></span>
      <span class="draft-book-folio-value">08</span>
    </div>
  
        </section>
      </div>
    </section>
  
      
    <section class="draft-book-section draft-book-section-frame">
      <h2>Conclusion</h2>
      <p>Ce livre trace deja une ligne claire autour de Marguerite, entre Introduction, La cuisine du dimanche, Ce qu elle nous a transmis et ce que chacun choisit d en retenir pour la suite.</p>
    </section>
  
      
    <section class="draft-book-section draft-book-section-cover draft-book-section-cover-back is-full-bleed">
      <div class="cover-preview-spread is-single-face is-book-page">
        <article
          class="cover-preview-card is-back cover-style-elegance_intemporelle is-active is-page-fill"
          style="--cover-bg:#eee4d6;--cover-text:#1f2228;--cover-accent:#b8924a;--cover-title-font:&#39;Cormorant Garamond&#39;, &#39;Baskerville&#39;, serif;--cover-body-font:&#39;Inter&#39;, sans-serif;"
        >
          <div class="cover-preview-safe-zone"></div>
          <div class="cover-preview-back-copy">
            <p>Trente-huit voix se sont donne rendez-vous dans ces pages pour raconter la meme femme, chacune a sa maniere : la cuisine du dimanche, les surnoms qui collent a la peau, et les etes qui ne finissaient jamais.</p>
          </div>
          
          
          
            <div class="cover-preview-back-footer">
              <span></span>
              <div class="cover-preview-qr">QR</div>
            </div>
          
          
          
          <div class="cover-preview-back-isbn">ISBN 978-2-00000-000-0</div>
          <div class="cover-preview-back-signature">Toute la famille, mars 2026</div>
        </article>
      </div>
    </section>
  
    </article>
  "
`;
